MPLINK 5.09, LINKER
Linker Map File - Created Thu Oct 26 09:24:48 2023

                                 Section Info
                  Section       Type    Address   Location Size(Bytes)
                ---------  ---------  ---------  ---------  ---------
                   .org_0       code   0x000000    program   0x0000fa
                   .cinit    romdata   0x0000fa    program   0x000002
.config_300001_BUILD/DEFAULT/PRODUCTION/6-3.O    romdata   0x300001    program   0x000001
.config_300003_BUILD/DEFAULT/PRODUCTION/6-3.O    romdata   0x300003    program   0x000001
.config_300006_BUILD/DEFAULT/PRODUCTION/6-3.O    romdata   0x300006    program   0x000001



                              Program Memory Usage 
                               Start         End      
                           ---------   ---------      
                            0x000000    0x0000fb      
                            0x300001    0x300001      
                            0x300003    0x300003      
                            0x300006    0x300006      
            255 out of 33048 program addresses used, program memory utilization is 0%



                              Symbols - Sorted by Name
                     Name    Address   Location    Storage File                     
                ---------  ---------  ---------  --------- ---------                
                  _1LOOP1   0x000020    program     static C:\Users\teddy\MPLABXProjects\lab6.X\6-3.asm
                  _1LOOP2   0x00001c    program     static C:\Users\teddy\MPLABXProjects\lab6.X\6-3.asm
                  _2LOOP1   0x000060    program     static C:\Users\teddy\MPLABXProjects\lab6.X\6-3.asm
                  _2LOOP2   0x000058    program     static C:\Users\teddy\MPLABXProjects\lab6.X\6-3.asm
                  _3LOOP1   0x00008a    program     static C:\Users\teddy\MPLABXProjects\lab6.X\6-3.asm
                  _3LOOP2   0x000082    program     static C:\Users\teddy\MPLABXProjects\lab6.X\6-3.asm
                  _4LOOP1   0x0000b6    program     static C:\Users\teddy\MPLABXProjects\lab6.X\6-3.asm
                  _4LOOP2   0x0000ae    program     static C:\Users\teddy\MPLABXProjects\lab6.X\6-3.asm
                  _5LOOP1   0x0000e0    program     static C:\Users\teddy\MPLABXProjects\lab6.X\6-3.asm
                  _5LOOP2   0x0000d8    program     static C:\Users\teddy\MPLABXProjects\lab6.X\6-3.asm
             change_state   0x000040    program     static C:\Users\teddy\MPLABXProjects\lab6.X\6-3.asm
              check_state   0x000018    program     static C:\Users\teddy\MPLABXProjects\lab6.X\6-3.asm
                      int   0x000000    program     static C:\Users\teddy\MPLABXProjects\lab6.X\6-3.asm
           is_final_state   0x00004a    program     static C:\Users\teddy\MPLABXProjects\lab6.X\6-3.asm
                is_last_1   0x00007e    program     static C:\Users\teddy\MPLABXProjects\lab6.X\6-3.asm
                is_last_2   0x0000d4    program     static C:\Users\teddy\MPLABXProjects\lab6.X\6-3.asm
                lightup_1   0x000050    program     static C:\Users\teddy\MPLABXProjects\lab6.X\6-3.asm
                lightup_2   0x0000a6    program     static C:\Users\teddy\MPLABXProjects\lab6.X\6-3.asm
                    start   0x000000    program     static C:\Users\teddy\MPLABXProjects\lab6.X\6-3.asm
                  state_0   0x00003a    program     static C:\Users\teddy\MPLABXProjects\lab6.X\6-3.asm
                  state_1   0x00004e    program     static C:\Users\teddy\MPLABXProjects\lab6.X\6-3.asm
                  state_2   0x0000a4    program     static C:\Users\teddy\MPLABXProjects\lab6.X\6-3.asm



                              Symbols - Sorted by Address
                     Name    Address   Location    Storage File                     
                ---------  ---------  ---------  --------- ---------                
                    start   0x000000    program     static C:\Users\teddy\MPLABXProjects\lab6.X\6-3.asm
                      int   0x000000    program     static C:\Users\teddy\MPLABXProjects\lab6.X\6-3.asm
              check_state   0x000018    program     static C:\Users\teddy\MPLABXProjects\lab6.X\6-3.asm
                  _1LOOP2   0x00001c    program     static C:\Users\teddy\MPLABXProjects\lab6.X\6-3.asm
                  _1LOOP1   0x000020    program     static C:\Users\teddy\MPLABXProjects\lab6.X\6-3.asm
                  state_0   0x00003a    program     static C:\Users\teddy\MPLABXProjects\lab6.X\6-3.asm
             change_state   0x000040    program     static C:\Users\teddy\MPLABXProjects\lab6.X\6-3.asm
           is_final_state   0x00004a    program     static C:\Users\teddy\MPLABXProjects\lab6.X\6-3.asm
                  state_1   0x00004e    program     static C:\Users\teddy\MPLABXProjects\lab6.X\6-3.asm
                lightup_1   0x000050    program     static C:\Users\teddy\MPLABXProjects\lab6.X\6-3.asm
                  _2LOOP2   0x000058    program     static C:\Users\teddy\MPLABXProjects\lab6.X\6-3.asm
                  _2LOOP1   0x000060    program     static C:\Users\teddy\MPLABXProjects\lab6.X\6-3.asm
                is_last_1   0x00007e    program     static C:\Users\teddy\MPLABXProjects\lab6.X\6-3.asm
                  _3LOOP2   0x000082    program     static C:\Users\teddy\MPLABXProjects\lab6.X\6-3.asm
                  _3LOOP1   0x00008a    program     static C:\Users\teddy\MPLABXProjects\lab6.X\6-3.asm
                  state_2   0x0000a4    program     static C:\Users\teddy\MPLABXProjects\lab6.X\6-3.asm
                lightup_2   0x0000a6    program     static C:\Users\teddy\MPLABXProjects\lab6.X\6-3.asm
                  _4LOOP2   0x0000ae    program     static C:\Users\teddy\MPLABXProjects\lab6.X\6-3.asm
                  _4LOOP1   0x0000b6    program     static C:\Users\teddy\MPLABXProjects\lab6.X\6-3.asm
                is_last_2   0x0000d4    program     static C:\Users\teddy\MPLABXProjects\lab6.X\6-3.asm
                  _5LOOP2   0x0000d8    program     static C:\Users\teddy\MPLABXProjects\lab6.X\6-3.asm
                  _5LOOP1   0x0000e0    program     static C:\Users\teddy\MPLABXProjects\lab6.X\6-3.asm


