MPLINK 5.09, LINKER
Linker Map File - Created Thu Oct 12 06:03:27 2023

                                 Section Info
                  Section       Type    Address   Location Size(Bytes)
                ---------  ---------  ---------  ---------  ---------
                   .org_0       code   0x000000    program   0x000082
                   .cinit    romdata   0x000082    program   0x000002
.config_300001_BUILD/DEFAULT/PRODUCTION/4-3.O    romdata   0x300001    program   0x000001
.config_300003_BUILD/DEFAULT/PRODUCTION/4-3.O    romdata   0x300003    program   0x000001



                              Program Memory Usage 
                               Start         End      
                           ---------   ---------      
                            0x000000    0x000083      
                            0x300001    0x300001      
                            0x300003    0x300003      
            134 out of 33048 program addresses used, program memory utilization is 0%



                              Symbols - Sorted by Name
                     Name    Address   Location    Storage File                     
                ---------  ---------  ---------  --------- ---------                
                     Fact   0x000016    program     static C:\Users\teddy\MPLABXProjects\lab0.X\4-3.asm
                endcase_0   0x00002a    program     static C:\Users\teddy\MPLABXProjects\lab0.X\4-3.asm
                endcase_1   0x000034    program     static C:\Users\teddy\MPLABXProjects\lab0.X\4-3.asm
                endcase_n   0x000042    program     static C:\Users\teddy\MPLABXProjects\lab0.X\4-3.asm
                      fin   0x000082    program     static C:\Users\teddy\MPLABXProjects\lab0.X\4-3.asm
                     iter   0x00004e    program     static C:\Users\teddy\MPLABXProjects\lab0.X\4-3.asm



                              Symbols - Sorted by Address
                     Name    Address   Location    Storage File                     
                ---------  ---------  ---------  --------- ---------                
                     Fact   0x000016    program     static C:\Users\teddy\MPLABXProjects\lab0.X\4-3.asm
                endcase_0   0x00002a    program     static C:\Users\teddy\MPLABXProjects\lab0.X\4-3.asm
                endcase_1   0x000034    program     static C:\Users\teddy\MPLABXProjects\lab0.X\4-3.asm
                endcase_n   0x000042    program     static C:\Users\teddy\MPLABXProjects\lab0.X\4-3.asm
                     iter   0x00004e    program     static C:\Users\teddy\MPLABXProjects\lab0.X\4-3.asm
                      fin   0x000082    program     static C:\Users\teddy\MPLABXProjects\lab0.X\4-3.asm


