Microchip MPLAB XC8 Compiler V2.45

Linker command line:

-W-3 \
  --edf=C:\Program Files\Microchip\xc8\v2.45\pic\dat\20230818022343_en.msgs \
  -cn -h+dist/default/debug\lab10.X.debug.sym \
  --cmf=dist/default/debug\lab10.X.debug.cmf -z -Q18F4520 \
  -oC:\Users\teddy\AppData\Local\Temp\xcAsnfs.\driver_tmp_3.o \
  --defsym=__MPLAB_BUILD=1 --fixupoverflow=error \
  -Mdist/default/debug/lab10.X.debug.map \
  --md=C:\Users\teddy\AppData\Local\Temp\xcAsnfs.\driver_tmp_0.dat -E1 \
  -ver=XC8 Compiler --acfsm=1493 -ACODE=00h-07DBFh -ACONST=00h-07DBFh \
  -ASMALLCONST=0600h-06FFhx119,07D00h-07DBFh -AMEDIUMCONST=0600h-07DBFh \
  -ACOMRAM=01h-07Fh -AABS1=00h-05F3h -ABIGRAM=01h-05F3h \
  -ARAM=080h-0FFh,0100h-01FFhx4,0500h-05F3h -ABANK0=080h-0FFh \
  -ABANK1=0100h-01FFh -ABANK2=0200h-02FFh -ABANK3=0300h-03FFh \
  -ABANK4=0400h-04FFh -ABANK5=0500h-05F3h \
  -ASFR=0F80h-0F9Bh,0F9Dh-0FD3h,0FD5h-0FDAh,0FE0h-0FE2h,0FE8h-0FEAh,0FF0h-0FFCh \
  -ABIGSFR=0F80h-0F9Bh,0F9Dh-0FD3h,0FD5h-0FDAh,0FE0h-0FE2h,0FE8h-0FEAh,0FF0h-0FFCh \
  -ACONFIG=0300000h-030000Dh -AIDLOC=0200000h-0200007h \
  -AEEDATA=0F00000h-0F000FFh -peeprom_data=EEDATA \
  -preset_vec=00h,intcode=08h,intcodelo,powerup,init -pramtop=0600h \
  -psmallconst=SMALLCONST -pmediumconst=MEDIUMCONST -pconst=CONST \
  -AFARRAM=00h-00h \
  -prdata=COMRAM,nvrram=COMRAM,nvbit=COMRAM,rbss=COMRAM,rbit=COMRAM \
  -pfarbss=FARRAM,fardata=FARRAM,nvFARRAM=FARRAM \
  -pintsave_regs=BIGRAM,bigbss=BIGRAM,bigdata=BIGRAM -pbss=RAM \
  -pidata=CODE,irdata=CODE,ibigdata=CODE,ifardata=CODE -prparam=COMRAM \
  C:\Users\teddy\AppData\Local\Temp\xcAsnfs.\driver_tmp_9.o \
  dist/default/debug\lab10.X.debug.o 

Object code version is 3.11

Machine type is 18F4520



                Name                               Link     Load   Length Selector   Space Scale
C:\Users\teddy\AppData\Local\Temp\xcAsnfs.\driver_tmp_9.o
                idloc                            200000   200000        8        0       5
                config                           300000   300000        E        0       4
                init                                  E        E        4        4       0
                reset_vec                             0        0        4        0       0
dist/default/debug\lab10.X.debug.o
                intcode                               8        8        6        4       0
                idloc                            200000   200000        8        0       5
                config                           300000   300000        E        0       4
                temp                                 35       35        1        1       1
                smallconst                          600      600        2      300       0
                text10                              848      848       16      301       0
                text9                               794      794       3C      301       0
                text8                               6E4      6E4       B0      301       0
                intcode_body                        602      602       E2      301       0
                text6                               832      832       16      301       0
                text5                               86C      86C        C      301       0
                text4                               85E      85E        E      301       0
                text3                               878      878        8      301       0
                text2                               7D0      7D0       1E      301       0
                text1                               81C      81C       16      301       0
                text0                               7EE      7EE       18      301       0
                cstackCOMRAM                         2D       2D        8        1       1
                bssCOMRAM                             1        1       2C        1       1
                cinit                               806      806       16      301       0

TOTAL           Name                               Link     Load   Length     Space
        CLASS   CODE           
                intcode                               8        8        6         0
                init                                  E        E        4         0
                reset_vec                             0        0        4         0
                text10                              848      848       16         0
                text9                               794      794       3C         0
                text8                               6E4      6E4       B0         0
                intcode_body                        602      602       E2         0
                text6                               832      832       16         0
                text5                               86C      86C        C         0
                text4                               85E      85E        E         0
                text3                               878      878        8         0
                text2                               7D0      7D0       1E         0
                text1                               81C      81C       16         0
                text0                               7EE      7EE       18         0
                cinit                               806      806       16         0

        CLASS   CONST          

        CLASS   SMALLCONST     
                smallconst                          600      600        2         0

        CLASS   MEDIUMCONST    

        CLASS   COMRAM         
                temp                                 35       35        1         1
                cstackCOMRAM                         2D       2D        8         1
                bssCOMRAM                             1        1       2C         1

        CLASS   ABS1           

        CLASS   BIGRAM         

        CLASS   RAM            

        CLASS   BANK0          

        CLASS   BANK1          

        CLASS   BANK2          

        CLASS   BANK3          

        CLASS   BANK4          

        CLASS   BANK5          

        CLASS   SFR            

        CLASS   BIGSFR         

        CLASS   CONFIG         
                config                           300000   300000        E         4

        CLASS   IDLOC          
                idloc                            200000   200000        8         5

        CLASS   EEDATA         

        CLASS   FARRAM         

        CLASS   HEAP           

        CLASS   STACK          



SEGMENTS        Name                           Load    Length   Top    Selector   Space  Class

                reset_vec                      000000  000004  000004         0       0  CODE    
                bssCOMRAM                      000001  000035  000036         1       1  COMRAM  
                intcode                        000008  00000A  000012         4       0  CODE    
                smallconst                     000600  000002  000602       300       0  SMALLCON
                intcode_body                   000602  00027E  000880       301       0  CODE    


UNUSED ADDRESS RANGES

        Name                Unused          Largest block    Delta
        BANK0            000080-0000FF               80
        BANK1            000100-0001FF              100
        BANK2            000200-0002FF              100
        BANK3            000300-0003FF              100
        BANK4            000400-0004FF              100
        BANK5            000500-0005F3               F4
        BIGRAM           000036-0005F3              5BE
        BIGSFR           000F80-000F9B               1C
                         000F9D-000FD3               37
                         000FD5-000FDA                6
                         000FE0-000FE2                3
                         000FE8-000FEA                3
                         000FF0-000FFC                D
        CODE             000004-000007                4
                         000012-0005FF              5EE
                         000880-007DBF             7540
        COMRAM           000036-00007F               4A
        CONST            000004-000007                4
                         000012-0005FF              5EE
                         000880-007DBF             7540
        EEDATA           F00000-F000FF              100
        MEDIUMCONST      000880-007DBF             7540
        RAM              000080-0005F3              100
        SFR              000F80-000F9B               1C
                         000F9D-000FD3               37
                         000FD5-000FDA                6
                         000FE0-000FE2                3
                         000FE8-000FEA                3
                         000FF0-000FFC                D
        SMALLCONST       000880-007DBF              100

                                  Symbol Table

?___awmod                      cstackCOMRAM 00002D
UART_Write@data                cstackCOMRAM 00002D
_ADCON0bits                    (abs)        000FC2
_ADCON1                        (abs)        000FC1
_ADCON2bits                    (abs)        000FC0
_ADC_Initialize                text6        000832
_ADFM                          (abs)        007E07
_ADRESH                        (abs)        000FC4
_ADRESL                        (abs)        000FC3
_BAUDCONbits                   (abs)        000FB8
_CCP1CON                       (abs)        000FBD
_CCP1_Initialize               text5        00086C
_CREN                          (abs)        007D5C
_GIE                           (abs)        007F97
_H_ISR                         intcode      000008
_INT0IE                        (abs)        007F94
_INT0IF                        (abs)        007F91
_INTCON2bits                   (abs)        000FF1
_INTERRUPT_Initialize          text4        00085E
_IPR1bits                      (abs)        000F9F
_IRCF0                         (abs)        007E9C
_IRCF1                         (abs)        007E9D
_IRCF2                         (abs)        007E9E
_LATC                          (abs)        000F8B
_MyusartRead                   text9        000794
_OSCILLATOR_Initialize         text3        000878
_PIE1bits                      (abs)        000F9D
_PIR1bits                      (abs)        000F9E
_RCIF                          (abs)        007CF5
_RCONbits                      (abs)        000FD0
_RCREG                         (abs)        000FAE
_RCSTAbits                     (abs)        000FAB
_SPBRG                         (abs)        000FAF
_SYSTEM_Initialize             text1        00081C
_TRISA                         (abs)        000F92
_TRISBbits                     (abs)        000F93
_TRISC                         (abs)        000F94
_TRISCbits                     (abs)        000F94
_TXIF                          (abs)        007CF4
_TXREG                         (abs)        000FAD
_TXSTAbits                     (abs)        000FAC
_UART_Initialize               text2        0007D0
_UART_Write                    text10       000848
__HRAM                         (abs)        000000
__H__absolute__                __absolute__ 000000
__Habs1                        abs1         000000
__Hbank0                       bank0        000000
__Hbank1                       bank1        000000
__Hbank2                       bank2        000000
__Hbank3                       bank3        000000
__Hbank4                       bank4        000000
__Hbank5                       bank5        000000
__Hbigbss                      bigbss       000000
__Hbigdata                     bigdata      000000
__Hbigram                      bigram       000000
__Hbigsfr                      bigsfr       000000
__Hbss                         bss          000000
__HbssCOMRAM                   bssCOMRAM    000000
__Hcinit                       cinit        000000
__Hclrtext                     clrtext      000000
__Hcomram                      comram       000000
__Hconfig                      config       30000E
__Hconst                       const        000000
__HcstackCOMRAM                cstackCOMRAM 000000
__Hdata                        data         000000
__Heeprom_data                 eeprom_data  000000
__Hfarbss                      farbss       000000
__Hfardata                     fardata      000000
__Hheap                        heap         000000
__Hibigdata                    ibigdata     000000
__Hidata                       idata        000000
__Hidloc                       idloc        200008
__Hifardata                    ifardata     000000
__Hinit                        init         000012
__Hintcode                     intcode      00000E
__Hintcode_body                intcode_body 000000
__Hintcodelo                   intcodelo    00000E
__Hintentry                    intentry     000000
__Hintret                      intret       000000
__Hintsave_regs                intsave_regs 000000
__Hirdata                      irdata       000000
__Hmediumconst                 mediumconst  000000
__HnvFARRAM                    nvFARRAM     000000
__Hnvbit                       nvbit        000000
__Hnvrram                      nvrram       000000
__Hparam                       rparam       000000
__Hpowerup                     powerup      00000E
__Hram                         ram          000000
__Hramtop                      ramtop       000600
__Hrbit                        rbit         000000
__Hrbss                        rbss         000000
__Hrdata                       rdata        000000
__Hreset_vec                   reset_vec    000004
__Hrparam                      rparam       000000
__Hsfr                         sfr          000000
__Hsmallconst                  smallconst   000602
__Hspace_0                     (abs)        000880
__Hspace_1                     (abs)        000036
__Hspace_2                     (abs)        000000
__Hspace_4                     (abs)        60000E
__Hstack                       stack        000000
__Hstruct                      struct       000000
__Htemp                        temp         000036
__Htext                        text         000000
__Htext0                       text0        000000
__Htext1                       text1        000000
__Htext10                      text10       000000
__Htext2                       text2        000000
__Htext3                       text3        000000
__Htext4                       text4        000000
__Htext5                       text5        000000
__Htext6                       text6        000000
__Htext8                       text8        000000
__Htext9                       text9        000000
__LRAM                         (abs)        000001
__L__absolute__                __absolute__ 000000
__Labs1                        abs1         000000
__Lbank0                       bank0        000000
__Lbank1                       bank1        000000
__Lbank2                       bank2        000000
__Lbank3                       bank3        000000
__Lbank4                       bank4        000000
__Lbank5                       bank5        000000
__Lbigbss                      bigbss       000000
__Lbigdata                     bigdata      000000
__Lbigram                      bigram       000000
__Lbigsfr                      bigsfr       000000
__Lbss                         bss          000000
__LbssCOMRAM                   bssCOMRAM    000000
__Lcinit                       cinit        000000
__Lclrtext                     clrtext      000000
__Lcomram                      comram       000000
__Lconfig                      config       000000
__Lconst                       const        000000
__LcstackCOMRAM                cstackCOMRAM 000000
__Ldata                        data         000000
__Leeprom_data                 eeprom_data  000000
__Lfarbss                      farbss       000000
__Lfardata                     fardata      000000
__Lheap                        heap         000000
__Libigdata                    ibigdata     000000
__Lidata                       idata        000000
__Lidloc                       idloc        000000
__Lifardata                    ifardata     000000
__Linit                        init         00000E
__Lintcode                     intcode      000008
__Lintcode_body                intcode_body 000000
__Lintcodelo                   intcodelo    00000E
__Lintentry                    intentry     000000
__Lintret                      intret       000000
__Lintsave_regs                intsave_regs 000000
__Lirdata                      irdata       000000
__Lmediumconst                 mediumconst  000000
__LnvFARRAM                    nvFARRAM     000000
__Lnvbit                       nvbit        000000
__Lnvrram                      nvrram       000000
__Lparam                       rparam       000000
__Lpowerup                     powerup      00000E
__Lram                         ram          000000
__Lramtop                      ramtop       000600
__Lrbit                        rbit         000000
__Lrbss                        rbss         000000
__Lrdata                       rdata        000000
__Lreset_vec                   reset_vec    000000
__Lrparam                      rparam       000000
__Lsfr                         sfr          000000
__Lsmallconst                  smallconst   000600
__Lspace_0                     (abs)        000000
__Lspace_1                     (abs)        000000
__Lspace_2                     (abs)        000000
__Lspace_4                     (abs)        000000
__Lstack                       stack        000000
__Lstruct                      struct       000000
__Ltemp                        temp         000035
__Ltext                        text         000000
__Ltext0                       text0        000000
__Ltext1                       text1        000000
__Ltext10                      text10       000000
__Ltext2                       text2        000000
__Ltext3                       text3        000000
__Ltext4                       text4        000000
__Ltext5                       text5        000000
__Ltext6                       text6        000000
__Ltext8                       text8        000000
__Ltext9                       text9        000000
__S0                           (abs)        000880
__S1                           (abs)        000036
__S4                           (abs)        000000
__S5                           (abs)        000000
___awmod                       text8        0006E4
___awmod@counter               cstackCOMRAM 000031
___awmod@dividend              cstackCOMRAM 00002D
___awmod@divisor               cstackCOMRAM 00002F
___awmod@sign                  cstackCOMRAM 000032
___heap_hi                     (abs)        000000
___heap_lo                     (abs)        000000
___inthi_sp                    stack        000000
___inthi_stack_hi              stack        000000
___inthi_stack_lo              stack        000000
___intlo_sp                    stack        000000
___intlo_stack_hi              stack        000000
___intlo_stack_lo              stack        000000
___param_bank                  (abs)        000000
___rparam_used                 (abs)        000001
___sp                          stack        000000
___stack_hi                    stack        000000
___stack_lo                    stack        000000
__accesstop                    (abs)        000080
__activetblptr                 (abs)        000000
__end_of_ADC_Initialize        text6        000848
__end_of_CCP1_Initialize       text5        000878
__end_of_H_ISR                 intcode_body 0006E4
__end_of_INTERRUPT_Initialize  text4        00086C
__end_of_MyusartRead           text9        0007D0
__end_of_OSCILLATOR_Initialize text3        000880
__end_of_SYSTEM_Initialize     text1        000832
__end_of_UART_Initialize       text2        0007EE
__end_of_UART_Write            text10       00085E
__end_of___awmod               text8        000794
__end_of__initialization       cinit        000812
__end_of_main                  text0        000806
__initialization               cinit        000806
__mediumconst                  mediumconst  000000
__pbssCOMRAM                   bssCOMRAM    000001
__pcinit                       cinit        000806
__pcstackCOMRAM                cstackCOMRAM 00002D
__pintcode                     intcode      000008
__pintcode_body                intcode_body 000602
__psmallconst                  smallconst   000600
__ptext0                       text0        0007EE
__ptext1                       text1        00081C
__ptext10                      text10       000848
__ptext2                       text2        0007D0
__ptext3                       text3        000878
__ptext4                       text4        00085E
__ptext5                       text5        00086C
__ptext6                       text6        000832
__ptext8                       text8        0006E4
__ptext9                       text9        000794
__ramtop                       ramtop       000600
__smallconst                   smallconst   000600
_first_press                   bssCOMRAM    000015
_lenStr                        bssCOMRAM    000017
_main                          text0        0007EE
_mystring                      bssCOMRAM    000019
_str                           bssCOMRAM    000001
btemp                          temp         000035
end_of_initialization          cinit        000812
int$flags                      temp         000035
int_func                       intcode_body 000602
intlevel0                      text         000000
intlevel1                      text         000000
intlevel2                      text         000000
intlevel3                      text         000000
isa$std                        (abs)        000001
isa$xinst                      (abs)        000000
stackhi                        (abs)        000000
stacklo                        (abs)        000000
start                          init         00000E
start_initialization           cinit        000806
ttemp5                         temp         000036
ttemp6                         temp         000039
ttemp7                         temp         00003D
wtemp8                         temp         000036


MODULE INFORMATION

Module		Function		Class		Link	Load	Size
setting_hardaware/interrupt_manager.c
		_INTERRUPT_Initialize		CODE           	085E	0000	14

setting_hardaware/interrupt_manager.c estimated size: 14

setting_hardaware/uart.c
		_MyusartRead   		CODE           	0794	0000	60
		_H_ISR         		CODE           	0008	0000	232
		_UART_Initialize		CODE           	07D0	0000	30
		_UART_Write    		CODE           	0848	0000	22

setting_hardaware/uart.c estimated size: 344

setting_hardaware/ccp1.c
		_CCP1_Initialize		CODE           	086C	0000	12

setting_hardaware/ccp1.c estimated size: 12

setting_hardaware/adc.c
		_ADC_Initialize		CODE           	0832	0000	22

setting_hardaware/adc.c estimated size: 22

C:\Program Files\Microchip\xc8\v2.45\pic\sources\c99\common\awmod.c
		___awmod       		CODE           	06E4	0000	176

C:\Program Files\Microchip\xc8\v2.45\pic\sources\c99\common\awmod.c estimated size: 176

shared
		__initialization		CODE           	0806	0000	12

shared estimated size: 12

setting_hardaware/setting.c
		_OSCILLATOR_Initialize		CODE           	0878	0000	8
		_SYSTEM_Initialize		CODE           	081C	0000	22

setting_hardaware/setting.c estimated size: 30

main.c
		_main          		CODE           	07EE	0000	24

main.c estimated size: 24

